[INFO] Create Pipeline Simulator
[INFO] Reset memory before loading code
[INFO] Loaded 141 bytes code to memory

[INFO] Cycle 0 starts with CC='Z=1 S=0 O=0' for instruction 0
F: predPC = 0x0
D: instr = nop, rA = ----, rB = ----, valC = 0x0, valP = 0x0, Stat = BUBBLE
E: instr = nop, valC = 0x0, valA = 0x0, valB = 0x0
   srcA = ----, srcB = ----, dstE = ----, dstM = ----, Stat = BUBBLE
M: instr = nop, Cnd = 0, valE = 0x0, valA = 0x0
   dstE = ----, dstM = ----, Stat = BUBBLE
W: instr = nop, valE = 0x0, valM = 0x0, dstE = ----, dstM = ----, Stat = BUBBLE
[INFO] Cycle 0 is done with state=OK

[INFO] Cycle 1 starts with CC='Z=1 S=0 O=0' for instruction 0
F: predPC = 0xa
D: instr = irmovq, rA = ----, rB = %rsp, valC = 0x200, valP = 0xa, Stat = OK
E: instr = nop, valC = 0x0, valA = 0x0, valB = 0x0
   srcA = ----, srcB = ----, dstE = ----, dstM = ----, Stat = BUBBLE
M: instr = nop, Cnd = 1, valE = 0x0, valA = 0x0
   dstE = ----, dstM = ----, Stat = BUBBLE
W: instr = nop, valE = 0x0, valM = 0x0, dstE = ----, dstM = ----, Stat = BUBBLE
[INFO] Cycle 1 is done with state=OK

[INFO] Cycle 2 starts with CC='Z=1 S=0 O=0' for instruction 0
F: predPC = 0x38
D: instr = call, rA = ----, rB = ----, valC = 0x38, valP = 0x13, Stat = OK
E: instr = irmovq, valC = 0x200, valA = 0x0, valB = 0x0
   srcA = ----, srcB = ----, dstE = %rsp, dstM = ----, Stat = OK
M: instr = nop, Cnd = 1, valE = 0x0, valA = 0x0
   dstE = ----, dstM = ----, Stat = BUBBLE
W: instr = nop, valE = 0x0, valM = 0x0, dstE = ----, dstM = ----, Stat = BUBBLE
[INFO] Cycle 2 is done with state=OK

[INFO] Cycle 3 starts with CC='Z=1 S=0 O=0' for instruction 0
F: predPC = 0x42
D: instr = irmovq, rA = ----, rB = %rdi, valC = 0x18, valP = 0x42, Stat = OK
E: instr = call, valC = 0x38, valA = 0x13, valB = 0x200
   srcA = ----, srcB = %rsp, dstE = %rsp, dstM = ----, Stat = OK
M: instr = irmovq, Cnd = 1, valE = 0x200, valA = 0x0
   dstE = %rsp, dstM = ----, Stat = OK
W: instr = nop, valE = 0x0, valM = 0x0, dstE = ----, dstM = ----, Stat = BUBBLE
[INFO] Cycle 3 is done with state=OK

[INFO] Cycle 4 starts with CC='Z=1 S=0 O=0' for instruction 0
F: predPC = 0x4c
D: instr = irmovq, rA = ----, rB = %rsi, valC = 0x4, valP = 0x4c, Stat = OK
E: instr = irmovq, valC = 0x18, valA = 0x0, valB = 0x0
   srcA = ----, srcB = ----, dstE = %rdi, dstM = ----, Stat = OK
M: instr = call, Cnd = 1, valE = 0x1f8, valA = 0x13
   dstE = %rsp, dstM = ----, Stat = OK
W: instr = irmovq, valE = 0x200, valM = 0x0, dstE = %rsp, dstM = ----, Stat = OK
[INFO] Cycle 4 is done with state=OK

[INFO] Cycle 5 starts with CC='Z=1 S=0 O=0' for instruction 1
F: predPC = 0x56
D: instr = call, rA = ----, rB = ----, valC = 0x56, valP = 0x55, Stat = OK
E: instr = irmovq, valC = 0x4, valA = 0x0, valB = 0x0
   srcA = ----, srcB = ----, dstE = %rsi, dstM = ----, Stat = OK
M: instr = irmovq, Cnd = 1, valE = 0x18, valA = 0x0
   dstE = %rdi, dstM = ----, Stat = OK
W: instr = call, valE = 0x1f8, valM = 0x0, dstE = %rsp, dstM = ----, Stat = OK
[INFO] Cycle 5 is done with state=OK

[INFO] Cycle 6 starts with CC='Z=1 S=0 O=0' for instruction 2
F: predPC = 0x60
D: instr = irmovq, rA = ----, rB = %r8, valC = 0x8, valP = 0x60, Stat = OK
E: instr = call, valC = 0x56, valA = 0x55, valB = 0x1f8
   srcA = ----, srcB = %rsp, dstE = %rsp, dstM = ----, Stat = OK
M: instr = irmovq, Cnd = 1, valE = 0x4, valA = 0x0
   dstE = %rsi, dstM = ----, Stat = OK
W: instr = irmovq, valE = 0x18, valM = 0x0, dstE = %rdi, dstM = ----, Stat = OK
[INFO] Cycle 6 is done with state=OK

[INFO] Cycle 7 starts with CC='Z=1 S=0 O=0' for instruction 3
F: predPC = 0x6a
D: instr = irmovq, rA = ----, rB = %r9, valC = 0x1, valP = 0x6a, Stat = OK
E: instr = irmovq, valC = 0x8, valA = 0x0, valB = 0x0
   srcA = ----, srcB = ----, dstE = %r8, dstM = ----, Stat = OK
M: instr = call, Cnd = 1, valE = 0x1f0, valA = 0x55
   dstE = %rsp, dstM = ----, Stat = OK
W: instr = irmovq, valE = 0x4, valM = 0x0, dstE = %rsi, dstM = ----, Stat = OK
[INFO] Cycle 7 is done with state=OK

[INFO] Cycle 8 starts with CC='Z=1 S=0 O=0' for instruction 4
F: predPC = 0x6c
D: instr = xorq, rA = %rax, rB = %rax, valC = 0x0, valP = 0x6c, Stat = OK
E: instr = irmovq, valC = 0x1, valA = 0x0, valB = 0x0
   srcA = ----, srcB = ----, dstE = %r9, dstM = ----, Stat = OK
M: instr = irmovq, Cnd = 1, valE = 0x8, valA = 0x0
   dstE = %r8, dstM = ----, Stat = OK
W: instr = call, valE = 0x1f0, valM = 0x0, dstE = %rsp, dstM = ----, Stat = OK
[INFO] Cycle 8 is done with state=OK

[INFO] Cycle 9 starts with CC='Z=1 S=0 O=0' for instruction 5
F: predPC = 0x6e
D: instr = andq, rA = %rsi, rB = %rsi, valC = 0x0, valP = 0x6e, Stat = OK
E: instr = xorq, valC = 0x0, valA = 0x0, valB = 0x0
   srcA = %rax, srcB = %rax, dstE = %rax, dstM = ----, Stat = OK
M: instr = irmovq, Cnd = 1, valE = 0x1, valA = 0x0
   dstE = %r9, dstM = ----, Stat = OK
W: instr = irmovq, valE = 0x8, valM = 0x0, dstE = %r8, dstM = ----, Stat = OK
[INFO] Cycle 9 is done with state=OK

[INFO] Cycle 10 starts with CC='Z=1 S=0 O=0' for instruction 6
F: predPC = 0x87
D: instr = jmp, rA = ----, rB = ----, valC = 0x87, valP = 0x77, Stat = OK
E: instr = andq, valC = 0x0, valA = 0x4, valB = 0x4
   srcA = %rsi, srcB = %rsi, dstE = %rsi, dstM = ----, Stat = OK
M: instr = xorq, Cnd = 1, valE = 0x0, valA = 0x0
   dstE = %rax, dstM = ----, Stat = OK
W: instr = irmovq, valE = 0x1, valM = 0x0, dstE = %r9, dstM = ----, Stat = OK
[INFO] Cycle 10 is done with state=OK

[INFO] Cycle 11 starts with CC='Z=0 S=0 O=0' for instruction 7
F: predPC = 0x77
D: instr = jne, rA = ----, rB = ----, valC = 0x77, valP = 0x90, Stat = OK
E: instr = jmp, valC = 0x87, valA = 0x77, valB = 0x0
   srcA = ----, srcB = ----, dstE = ----, dstM = ----, Stat = OK
M: instr = andq, Cnd = 0, valE = 0x4, valA = 0x4
   dstE = %rsi, dstM = ----, Stat = OK
W: instr = xorq, valE = 0x0, valM = 0x0, dstE = %rax, dstM = ----, Stat = OK
[INFO] Cycle 11 is done with state=OK

[INFO] Cycle 12 starts with CC='Z=0 S=0 O=0' for instruction 8
F: predPC = 0x81
D: instr = mrmovq, rA = %r10, rB = %rdi, valC = 0x0, valP = 0x81, Stat = OK
E: instr = jne, valC = 0x77, valA = 0x90, valB = 0x0
   srcA = ----, srcB = ----, dstE = ----, dstM = ----, Stat = OK
M: instr = jmp, Cnd = 1, valE = 0x0, valA = 0x77
   dstE = ----, dstM = ----, Stat = OK
W: instr = andq, valE = 0x4, valM = 0x0, dstE = %rsi, dstM = ----, Stat = OK
[INFO] Cycle 12 is done with state=OK

[INFO] Cycle 13 starts with CC='Z=0 S=0 O=0' for instruction 9
F: predPC = 0x83
D: instr = addq, rA = %r10, rB = %rax, valC = 0x0, valP = 0x83, Stat = OK
E: instr = mrmovq, valC = 0x0, valA = 0x0, valB = 0x18
   srcA = ----, srcB = %rdi, dstE = ----, dstM = %r10, Stat = OK
M: instr = jne, Cnd = 1, valE = 0x0, valA = 0x90
   dstE = ----, dstM = ----, Stat = OK
W: instr = jmp, valE = 0x0, valM = 0x0, dstE = ----, dstM = ----, Stat = OK
[INFO] Cycle 13 is done with state=OK

[INFO] Cycle 14 starts with CC='Z=0 S=0 O=0' for instruction 10
F: predPC = 0x83
D: instr = addq, rA = %r10, rB = %rax, valC = 0x0, valP = 0x83, Stat = OK
E: instr = nop, valC = 0x0, valA = 0x0, valB = 0x0
   srcA = ----, srcB = ----, dstE = ----, dstM = ----, Stat = BUBBLE
M: instr = mrmovq, Cnd = 1, valE = 0x18, valA = 0x0
   dstE = ----, dstM = %r10, Stat = OK
W: instr = jne, valE = 0x0, valM = 0x0, dstE = ----, dstM = ----, Stat = OK
[INFO] Cycle 14 is done with state=OK

[INFO] Cycle 15 starts with CC='Z=0 S=0 O=0' for instruction 11
F: predPC = 0x85
D: instr = addq, rA = %r8, rB = %rdi, valC = 0x0, valP = 0x85, Stat = OK
E: instr = addq, valC = 0x0, valA = 0xd000d000d, valB = 0x0
   srcA = %r10, srcB = %rax, dstE = %rax, dstM = ----, Stat = OK
M: instr = nop, Cnd = 1, valE = 0x0, valA = 0x0
   dstE = ----, dstM = ----, Stat = BUBBLE
W: instr = mrmovq, valE = 0x18, valM = 0xd000d000d, dstE = ----, dstM = %r10, Stat = OK
[INFO] Cycle 15 is done with state=OK

[INFO] Cycle 16 starts with CC='Z=0 S=0 O=0' for instruction 12
F: predPC = 0x87
D: instr = subq, rA = %r9, rB = %rsi, valC = 0x0, valP = 0x87, Stat = OK
E: instr = addq, valC = 0x0, valA = 0x8, valB = 0x18
   srcA = %r8, srcB = %rdi, dstE = %rdi, dstM = ----, Stat = OK
M: instr = addq, Cnd = 1, valE = 0xd000d000d, valA = 0xd000d000d
   dstE = %rax, dstM = ----, Stat = OK
W: instr = nop, valE = 0x0, valM = 0x0, dstE = ----, dstM = ----, Stat = BUBBLE
[INFO] Cycle 16 is done with state=OK

[INFO] Cycle 17 starts with CC='Z=0 S=0 O=0' for instruction 12
F: predPC = 0x77
D: instr = jne, rA = ----, rB = ----, valC = 0x77, valP = 0x90, Stat = OK
E: instr = subq, valC = 0x0, valA = 0x1, valB = 0x4
   srcA = %r9, srcB = %rsi, dstE = %rsi, dstM = ----, Stat = OK
M: instr = addq, Cnd = 1, valE = 0x20, valA = 0x8
   dstE = %rdi, dstM = ----, Stat = OK
W: instr = addq, valE = 0xd000d000d, valM = 0x0, dstE = %rax, dstM = ----, Stat = OK
[INFO] Cycle 17 is done with state=OK

[INFO] Cycle 18 starts with CC='Z=0 S=0 O=0' for instruction 13
F: predPC = 0x81
D: instr = mrmovq, rA = %r10, rB = %rdi, valC = 0x0, valP = 0x81, Stat = OK
E: instr = jne, valC = 0x77, valA = 0x90, valB = 0x0
   srcA = ----, srcB = ----, dstE = ----, dstM = ----, Stat = OK
M: instr = subq, Cnd = 0, valE = 0x3, valA = 0x1
   dstE = %rsi, dstM = ----, Stat = OK
W: instr = addq, valE = 0x20, valM = 0x0, dstE = %rdi, dstM = ----, Stat = OK
[INFO] Cycle 18 is done with state=OK

[INFO] Cycle 19 starts with CC='Z=0 S=0 O=0' for instruction 14
F: predPC = 0x83
D: instr = addq, rA = %r10, rB = %rax, valC = 0x0, valP = 0x83, Stat = OK
E: instr = mrmovq, valC = 0x0, valA = 0x0, valB = 0x20
   srcA = ----, srcB = %rdi, dstE = ----, dstM = %r10, Stat = OK
M: instr = jne, Cnd = 1, valE = 0x0, valA = 0x90
   dstE = ----, dstM = ----, Stat = OK
W: instr = subq, valE = 0x3, valM = 0x0, dstE = %rsi, dstM = ----, Stat = OK
[INFO] Cycle 19 is done with state=OK

[INFO] Cycle 20 starts with CC='Z=0 S=0 O=0' for instruction 15
F: predPC = 0x83
D: instr = addq, rA = %r10, rB = %rax, valC = 0x0, valP = 0x83, Stat = OK
E: instr = nop, valC = 0x0, valA = 0x0, valB = 0x0
   srcA = ----, srcB = ----, dstE = ----, dstM = ----, Stat = BUBBLE
M: instr = mrmovq, Cnd = 1, valE = 0x20, valA = 0x0
   dstE = ----, dstM = %r10, Stat = OK
W: instr = jne, valE = 0x0, valM = 0x0, dstE = ----, dstM = ----, Stat = OK
[INFO] Cycle 20 is done with state=OK

[INFO] Cycle 21 starts with CC='Z=0 S=0 O=0' for instruction 16
F: predPC = 0x85
D: instr = addq, rA = %r8, rB = %rdi, valC = 0x0, valP = 0x85, Stat = OK
E: instr = addq, valC = 0x0, valA = 0xc000c000c0, valB = 0xd000d000d
   srcA = %r10, srcB = %rax, dstE = %rax, dstM = ----, Stat = OK
M: instr = nop, Cnd = 1, valE = 0x0, valA = 0x0
   dstE = ----, dstM = ----, Stat = BUBBLE
W: instr = mrmovq, valE = 0x20, valM = 0xc000c000c0, dstE = ----, dstM = %r10, Stat = OK
[INFO] Cycle 21 is done with state=OK

[INFO] Cycle 22 starts with CC='Z=0 S=0 O=0' for instruction 17
F: predPC = 0x87
D: instr = subq, rA = %r9, rB = %rsi, valC = 0x0, valP = 0x87, Stat = OK
E: instr = addq, valC = 0x0, valA = 0x8, valB = 0x20
   srcA = %r8, srcB = %rdi, dstE = %rdi, dstM = ----, Stat = OK
M: instr = addq, Cnd = 1, valE = 0xcd00cd00cd, valA = 0xc000c000c0
   dstE = %rax, dstM = ----, Stat = OK
W: instr = nop, valE = 0x0, valM = 0x0, dstE = ----, dstM = ----, Stat = BUBBLE
[INFO] Cycle 22 is done with state=OK

[INFO] Cycle 23 starts with CC='Z=0 S=0 O=0' for instruction 17
F: predPC = 0x77
D: instr = jne, rA = ----, rB = ----, valC = 0x77, valP = 0x90, Stat = OK
E: instr = subq, valC = 0x0, valA = 0x1, valB = 0x3
   srcA = %r9, srcB = %rsi, dstE = %rsi, dstM = ----, Stat = OK
M: instr = addq, Cnd = 1, valE = 0x28, valA = 0x8
   dstE = %rdi, dstM = ----, Stat = OK
W: instr = addq, valE = 0xcd00cd00cd, valM = 0x0, dstE = %rax, dstM = ----, Stat = OK
[INFO] Cycle 23 is done with state=OK

[INFO] Cycle 24 starts with CC='Z=0 S=0 O=0' for instruction 18
F: predPC = 0x81
D: instr = mrmovq, rA = %r10, rB = %rdi, valC = 0x0, valP = 0x81, Stat = OK
E: instr = jne, valC = 0x77, valA = 0x90, valB = 0x0
   srcA = ----, srcB = ----, dstE = ----, dstM = ----, Stat = OK
M: instr = subq, Cnd = 0, valE = 0x2, valA = 0x1
   dstE = %rsi, dstM = ----, Stat = OK
W: instr = addq, valE = 0x28, valM = 0x0, dstE = %rdi, dstM = ----, Stat = OK
[INFO] Cycle 24 is done with state=OK

[INFO] Cycle 25 starts with CC='Z=0 S=0 O=0' for instruction 19
F: predPC = 0x83
D: instr = addq, rA = %r10, rB = %rax, valC = 0x0, valP = 0x83, Stat = OK
E: instr = mrmovq, valC = 0x0, valA = 0x0, valB = 0x28
   srcA = ----, srcB = %rdi, dstE = ----, dstM = %r10, Stat = OK
M: instr = jne, Cnd = 1, valE = 0x0, valA = 0x90
   dstE = ----, dstM = ----, Stat = OK
W: instr = subq, valE = 0x2, valM = 0x0, dstE = %rsi, dstM = ----, Stat = OK
[INFO] Cycle 25 is done with state=OK

[INFO] Cycle 26 starts with CC='Z=0 S=0 O=0' for instruction 20
F: predPC = 0x83
D: instr = addq, rA = %r10, rB = %rax, valC = 0x0, valP = 0x83, Stat = OK
E: instr = nop, valC = 0x0, valA = 0x0, valB = 0x0
   srcA = ----, srcB = ----, dstE = ----, dstM = ----, Stat = BUBBLE
M: instr = mrmovq, Cnd = 1, valE = 0x28, valA = 0x0
   dstE = ----, dstM = %r10, Stat = OK
W: instr = jne, valE = 0x0, valM = 0x0, dstE = ----, dstM = ----, Stat = OK
[INFO] Cycle 26 is done with state=OK

[INFO] Cycle 27 starts with CC='Z=0 S=0 O=0' for instruction 21
F: predPC = 0x85
D: instr = addq, rA = %r8, rB = %rdi, valC = 0x0, valP = 0x85, Stat = OK
E: instr = addq, valC = 0x0, valA = 0xb000b000b00, valB = 0xcd00cd00cd
   srcA = %r10, srcB = %rax, dstE = %rax, dstM = ----, Stat = OK
M: instr = nop, Cnd = 1, valE = 0x0, valA = 0x0
   dstE = ----, dstM = ----, Stat = BUBBLE
W: instr = mrmovq, valE = 0x28, valM = 0xb000b000b00, dstE = ----, dstM = %r10, Stat = OK
[INFO] Cycle 27 is done with state=OK

[INFO] Cycle 28 starts with CC='Z=0 S=0 O=0' for instruction 22
F: predPC = 0x87
D: instr = subq, rA = %r9, rB = %rsi, valC = 0x0, valP = 0x87, Stat = OK
E: instr = addq, valC = 0x0, valA = 0x8, valB = 0x28
   srcA = %r8, srcB = %rdi, dstE = %rdi, dstM = ----, Stat = OK
M: instr = addq, Cnd = 1, valE = 0xbcd0bcd0bcd, valA = 0xb000b000b00
   dstE = %rax, dstM = ----, Stat = OK
W: instr = nop, valE = 0x0, valM = 0x0, dstE = ----, dstM = ----, Stat = BUBBLE
[INFO] Cycle 28 is done with state=OK

[INFO] Cycle 29 starts with CC='Z=0 S=0 O=0' for instruction 22
F: predPC = 0x77
D: instr = jne, rA = ----, rB = ----, valC = 0x77, valP = 0x90, Stat = OK
E: instr = subq, valC = 0x0, valA = 0x1, valB = 0x2
   srcA = %r9, srcB = %rsi, dstE = %rsi, dstM = ----, Stat = OK
M: instr = addq, Cnd = 1, valE = 0x30, valA = 0x8
   dstE = %rdi, dstM = ----, Stat = OK
W: instr = addq, valE = 0xbcd0bcd0bcd, valM = 0x0, dstE = %rax, dstM = ----, Stat = OK
[INFO] Cycle 29 is done with state=OK

[INFO] Cycle 30 starts with CC='Z=0 S=0 O=0' for instruction 23
F: predPC = 0x81
D: instr = mrmovq, rA = %r10, rB = %rdi, valC = 0x0, valP = 0x81, Stat = OK
E: instr = jne, valC = 0x77, valA = 0x90, valB = 0x0
   srcA = ----, srcB = ----, dstE = ----, dstM = ----, Stat = OK
M: instr = subq, Cnd = 0, valE = 0x1, valA = 0x1
   dstE = %rsi, dstM = ----, Stat = OK
W: instr = addq, valE = 0x30, valM = 0x0, dstE = %rdi, dstM = ----, Stat = OK
[INFO] Cycle 30 is done with state=OK

[INFO] Cycle 31 starts with CC='Z=0 S=0 O=0' for instruction 24
F: predPC = 0x83
D: instr = addq, rA = %r10, rB = %rax, valC = 0x0, valP = 0x83, Stat = OK
E: instr = mrmovq, valC = 0x0, valA = 0x0, valB = 0x30
   srcA = ----, srcB = %rdi, dstE = ----, dstM = %r10, Stat = OK
M: instr = jne, Cnd = 1, valE = 0x0, valA = 0x90
   dstE = ----, dstM = ----, Stat = OK
W: instr = subq, valE = 0x1, valM = 0x0, dstE = %rsi, dstM = ----, Stat = OK
[INFO] Cycle 31 is done with state=OK

[INFO] Cycle 32 starts with CC='Z=0 S=0 O=0' for instruction 25
F: predPC = 0x83
D: instr = addq, rA = %r10, rB = %rax, valC = 0x0, valP = 0x83, Stat = OK
E: instr = nop, valC = 0x0, valA = 0x0, valB = 0x0
   srcA = ----, srcB = ----, dstE = ----, dstM = ----, Stat = BUBBLE
M: instr = mrmovq, Cnd = 1, valE = 0x30, valA = 0x0
   dstE = ----, dstM = %r10, Stat = OK
W: instr = jne, valE = 0x0, valM = 0x0, dstE = ----, dstM = ----, Stat = OK
[INFO] Cycle 32 is done with state=OK

[INFO] Cycle 33 starts with CC='Z=0 S=0 O=0' for instruction 26
F: predPC = 0x85
D: instr = addq, rA = %r8, rB = %rdi, valC = 0x0, valP = 0x85, Stat = OK
E: instr = addq, valC = 0x0, valA = 0xa000a000a000, valB = 0xbcd0bcd0bcd
   srcA = %r10, srcB = %rax, dstE = %rax, dstM = ----, Stat = OK
M: instr = nop, Cnd = 1, valE = 0x0, valA = 0x0
   dstE = ----, dstM = ----, Stat = BUBBLE
W: instr = mrmovq, valE = 0x30, valM = 0xa000a000a000, dstE = ----, dstM = %r10, Stat = OK
[INFO] Cycle 33 is done with state=OK

[INFO] Cycle 34 starts with CC='Z=0 S=0 O=0' for instruction 27
F: predPC = 0x87
D: instr = subq, rA = %r9, rB = %rsi, valC = 0x0, valP = 0x87, Stat = OK
E: instr = addq, valC = 0x0, valA = 0x8, valB = 0x30
   srcA = %r8, srcB = %rdi, dstE = %rdi, dstM = ----, Stat = OK
M: instr = addq, Cnd = 1, valE = 0xabcdabcdabcd, valA = 0xa000a000a000
   dstE = %rax, dstM = ----, Stat = OK
W: instr = nop, valE = 0x0, valM = 0x0, dstE = ----, dstM = ----, Stat = BUBBLE
[INFO] Cycle 34 is done with state=OK

[INFO] Cycle 35 starts with CC='Z=0 S=0 O=0' for instruction 27
F: predPC = 0x77
D: instr = jne, rA = ----, rB = ----, valC = 0x77, valP = 0x90, Stat = OK
E: instr = subq, valC = 0x0, valA = 0x1, valB = 0x1
   srcA = %r9, srcB = %rsi, dstE = %rsi, dstM = ----, Stat = OK
M: instr = addq, Cnd = 1, valE = 0x38, valA = 0x8
   dstE = %rdi, dstM = ----, Stat = OK
W: instr = addq, valE = 0xabcdabcdabcd, valM = 0x0, dstE = %rax, dstM = ----, Stat = OK
[INFO] Cycle 35 is done with state=OK

[INFO] Cycle 36 starts with CC='Z=1 S=0 O=0' for instruction 28
F: predPC = 0x81
D: instr = mrmovq, rA = %r10, rB = %rdi, valC = 0x0, valP = 0x81, Stat = OK
E: instr = jne, valC = 0x77, valA = 0x90, valB = 0x0
   srcA = ----, srcB = ----, dstE = ----, dstM = ----, Stat = OK
M: instr = subq, Cnd = 0, valE = 0x0, valA = 0x1
   dstE = %rsi, dstM = ----, Stat = OK
W: instr = addq, valE = 0x38, valM = 0x0, dstE = %rdi, dstM = ----, Stat = OK
[INFO] Cycle 36 is done with state=OK

[INFO] Cycle 37 starts with CC='Z=1 S=0 O=0' for instruction 29
F: predPC = 0x83
D: instr = nop, rA = ----, rB = ----, valC = 0x0, valP = 0x0, Stat = BUBBLE
E: instr = nop, valC = 0x0, valA = 0x0, valB = 0x0
   srcA = ----, srcB = ----, dstE = ----, dstM = ----, Stat = BUBBLE
M: instr = jne, Cnd = 0, valE = 0x0, valA = 0x90
   dstE = ----, dstM = ----, Stat = OK
W: instr = subq, valE = 0x0, valM = 0x0, dstE = %rsi, dstM = ----, Stat = OK
[INFO] Cycle 37 is done with state=OK

[INFO] Cycle 38 starts with CC='Z=1 S=0 O=0' for instruction 30
F: predPC = 0x91
D: instr = ret, rA = ----, rB = ----, valC = 0x0, valP = 0x91, Stat = OK
E: instr = nop, valC = 0x0, valA = 0x0, valB = 0x0
   srcA = ----, srcB = ----, dstE = ----, dstM = ----, Stat = BUBBLE
M: instr = nop, Cnd = 1, valE = 0x0, valA = 0x0
   dstE = ----, dstM = ----, Stat = BUBBLE
W: instr = jne, valE = 0x0, valM = 0x0, dstE = ----, dstM = ----, Stat = OK
[INFO] Cycle 38 is done with state=OK

[INFO] Cycle 39 starts with CC='Z=1 S=0 O=0' for instruction 31
F: predPC = 0x91
D: instr = nop, rA = ----, rB = ----, valC = 0x0, valP = 0x0, Stat = BUBBLE
E: instr = ret, valC = 0x0, valA = 0x1f0, valB = 0x1f0
   srcA = %rsp, srcB = %rsp, dstE = %rsp, dstM = ----, Stat = OK
M: instr = nop, Cnd = 1, valE = 0x0, valA = 0x0
   dstE = ----, dstM = ----, Stat = BUBBLE
W: instr = nop, valE = 0x0, valM = 0x0, dstE = ----, dstM = ----, Stat = BUBBLE
[INFO] Cycle 39 is done with state=OK

[INFO] Cycle 40 starts with CC='Z=1 S=0 O=0' for instruction 31
F: predPC = 0x91
D: instr = nop, rA = ----, rB = ----, valC = 0x0, valP = 0x0, Stat = BUBBLE
E: instr = nop, valC = 0x0, valA = 0x0, valB = 0x0
   srcA = ----, srcB = ----, dstE = ----, dstM = ----, Stat = BUBBLE
M: instr = ret, Cnd = 1, valE = 0x1f8, valA = 0x1f0
   dstE = %rsp, dstM = ----, Stat = OK
W: instr = nop, valE = 0x0, valM = 0x0, dstE = ----, dstM = ----, Stat = BUBBLE
[INFO] Cycle 40 is done with state=OK

[INFO] Cycle 41 starts with CC='Z=1 S=0 O=0' for instruction 31
F: predPC = 0x91
D: instr = nop, rA = ----, rB = ----, valC = 0x0, valP = 0x0, Stat = BUBBLE
E: instr = nop, valC = 0x0, valA = 0x0, valB = 0x0
   srcA = ----, srcB = ----, dstE = ----, dstM = ----, Stat = BUBBLE
M: instr = nop, Cnd = 1, valE = 0x0, valA = 0x0
   dstE = ----, dstM = ----, Stat = BUBBLE
W: instr = ret, valE = 0x1f8, valM = 0x55, dstE = %rsp, dstM = ----, Stat = OK
[INFO] Cycle 41 is done with state=OK

[INFO] Cycle 42 starts with CC='Z=1 S=0 O=0' for instruction 32
F: predPC = 0x56
D: instr = ret, rA = ----, rB = ----, valC = 0x0, valP = 0x56, Stat = OK
E: instr = nop, valC = 0x0, valA = 0x0, valB = 0x0
   srcA = ----, srcB = ----, dstE = ----, dstM = ----, Stat = BUBBLE
M: instr = nop, Cnd = 1, valE = 0x0, valA = 0x0
   dstE = ----, dstM = ----, Stat = BUBBLE
W: instr = nop, valE = 0x0, valM = 0x0, dstE = ----, dstM = ----, Stat = BUBBLE
[INFO] Cycle 42 is done with state=OK

[INFO] Cycle 43 starts with CC='Z=1 S=0 O=0' for instruction 32
F: predPC = 0x56
D: instr = nop, rA = ----, rB = ----, valC = 0x0, valP = 0x0, Stat = BUBBLE
E: instr = ret, valC = 0x0, valA = 0x1f8, valB = 0x1f8
   srcA = %rsp, srcB = %rsp, dstE = %rsp, dstM = ----, Stat = OK
M: instr = nop, Cnd = 1, valE = 0x0, valA = 0x0
   dstE = ----, dstM = ----, Stat = BUBBLE
W: instr = nop, valE = 0x0, valM = 0x0, dstE = ----, dstM = ----, Stat = BUBBLE
[INFO] Cycle 43 is done with state=OK

[INFO] Cycle 44 starts with CC='Z=1 S=0 O=0' for instruction 32
F: predPC = 0x56
D: instr = nop, rA = ----, rB = ----, valC = 0x0, valP = 0x0, Stat = BUBBLE
E: instr = nop, valC = 0x0, valA = 0x0, valB = 0x0
   srcA = ----, srcB = ----, dstE = ----, dstM = ----, Stat = BUBBLE
M: instr = ret, Cnd = 1, valE = 0x200, valA = 0x1f8
   dstE = %rsp, dstM = ----, Stat = OK
W: instr = nop, valE = 0x0, valM = 0x0, dstE = ----, dstM = ----, Stat = BUBBLE
[INFO] Cycle 44 is done with state=OK

[INFO] Cycle 45 starts with CC='Z=1 S=0 O=0' for instruction 32
F: predPC = 0x56
D: instr = nop, rA = ----, rB = ----, valC = 0x0, valP = 0x0, Stat = BUBBLE
E: instr = nop, valC = 0x0, valA = 0x0, valB = 0x0
   srcA = ----, srcB = ----, dstE = ----, dstM = ----, Stat = BUBBLE
M: instr = nop, Cnd = 1, valE = 0x0, valA = 0x0
   dstE = ----, dstM = ----, Stat = BUBBLE
W: instr = ret, valE = 0x200, valM = 0x13, dstE = %rsp, dstM = ----, Stat = OK
[INFO] Cycle 45 is done with state=OK

[INFO] Cycle 46 starts with CC='Z=1 S=0 O=0' for instruction 33
F: predPC = 0x14
D: instr = halt, rA = ----, rB = ----, valC = 0x0, valP = 0x14, Stat = HALT
E: instr = nop, valC = 0x0, valA = 0x0, valB = 0x0
   srcA = ----, srcB = ----, dstE = ----, dstM = ----, Stat = BUBBLE
M: instr = nop, Cnd = 1, valE = 0x0, valA = 0x0
   dstE = ----, dstM = ----, Stat = BUBBLE
W: instr = nop, valE = 0x0, valM = 0x0, dstE = ----, dstM = ----, Stat = BUBBLE
[INFO] Cycle 46 is done with state=OK

[INFO] Cycle 47 starts with CC='Z=1 S=0 O=0' for instruction 33
F: predPC = 0x15
D: instr = halt, rA = ----, rB = ----, valC = 0x0, valP = 0x15, Stat = HALT
E: instr = halt, valC = 0x0, valA = 0x0, valB = 0x0
   srcA = ----, srcB = ----, dstE = ----, dstM = ----, Stat = HALT
M: instr = nop, Cnd = 1, valE = 0x0, valA = 0x0
   dstE = ----, dstM = ----, Stat = BUBBLE
W: instr = nop, valE = 0x0, valM = 0x0, dstE = ----, dstM = ----, Stat = BUBBLE
[INFO] Cycle 47 is done with state=OK

[INFO] Cycle 48 starts with CC='Z=1 S=0 O=0' for instruction 33
F: predPC = 0x16
D: instr = halt, rA = ----, rB = ----, valC = 0x0, valP = 0x16, Stat = HALT
E: instr = halt, valC = 0x0, valA = 0x0, valB = 0x0
   srcA = ----, srcB = ----, dstE = ----, dstM = ----, Stat = HALT
M: instr = halt, Cnd = 1, valE = 0x0, valA = 0x0
   dstE = ----, dstM = ----, Stat = HALT
W: instr = nop, valE = 0x0, valM = 0x0, dstE = ----, dstM = ----, Stat = BUBBLE
[INFO] Cycle 48 is done with state=OK

[INFO] Cycle 49 starts with CC='Z=1 S=0 O=0' for instruction 33
F: predPC = 0x17
D: instr = halt, rA = ----, rB = ----, valC = 0x0, valP = 0x17, Stat = HALT
E: instr = halt, valC = 0x0, valA = 0x0, valB = 0x0
   srcA = ----, srcB = ----, dstE = ----, dstM = ----, Stat = HALT
M: instr = nop, Cnd = 0, valE = 0x0, valA = 0x0
   dstE = ----, dstM = ----, Stat = BUBBLE
W: instr = halt, valE = 0x0, valM = 0x0, dstE = ----, dstM = ----, Stat = HALT
[INFO] Cycle 49 is done with state=HALT

After 50 cycles, the state becomes HALT

Changes to registers:
%rax:	0x0000000000000000	0x0000abcdabcdabcd
%rsp:	0x0000000000000000	0x0000000000000200
%rdi:	0x0000000000000000	0x0000000000000038
%r8:	0x0000000000000000	0x0000000000000008
%r9:	0x0000000000000000	0x0000000000000001
%r10:	0x0000000000000000	0x0000a000a000a000
Changes to memory:
0x01f0:	0x0000000000000000	0x0000000000000055
0x01f8:	0x0000000000000000	0x0000000000000013
